Node 0 MemTotal:       24563056 kB
Node 0 MemFree:        18941080 kB
Node 0 MemUsed:         5621976 kB
Node 0 Active:          2461144 kB
Node 0 Inactive:        2210504 kB
Node 0 Active(anon):    1222364 kB
Node 0 Inactive(anon):    80880 kB
Node 0 Active(file):    1238780 kB
Node 0 Inactive(file):  2129624 kB
Node 0 Unevictable:           0 kB
Node 0 Mlocked:               0 kB
Node 0 Dirty:             43004 kB
Node 0 Writeback:             0 kB
Node 0 FilePages:       3447324 kB
Node 0 Mapped:           954128 kB
Node 0 AnonPages:       1224796 kB
Node 0 Shmem:             82784 kB
Node 0 KernelStack:       10512 kB
Node 0 PageTables:        20792 kB
Node 0 NFS_Unstable:          0 kB
Node 0 Bounce:                0 kB
Node 0 WritebackTmp:          0 kB
Node 0 KReclaimable:     536888 kB
Node 0 Slab:             715412 kB
Node 0 SReclaimable:     536888 kB
Node 0 SUnreclaim:       178524 kB
Node 0 AnonHugePages:         0 kB
Node 0 ShmemHugePages:        0 kB
Node 0 ShmemPmdMapped:        0 kB
Node 0 FileHugePages:        0 kB
Node 0 FilePmdMapped:        0 kB
Node 0 HugePages_Total:     0
Node 0 HugePages_Free:      0
Node 0 HugePages_Surp:      0
