00000000-00000fff : Reserved
00001000-0009c7ff : System RAM
0009c800-0009ffff : Reserved
000a0000-000bffff : PCI Bus 0000:00
000c0000-000ce9ff : Video ROM
000e0000-000fffff : Reserved
  000f0000-000fffff : System ROM
00100000-864f5fff : System RAM
864f6000-864f6fff : ACPI Non-volatile Storage
864f7000-86520fff : Reserved
86521000-86578fff : System RAM
86579000-86d69fff : Reserved
86d6a000-86d7ffff : System RAM
86d80000-87a0cfff : Reserved
87a0d000-87f99fff : ACPI Non-volatile Storage
87f9a000-87fccfff : ACPI Tables
87fcd000-87ffffff : System RAM
88000000-880fffff : Reserved
88800000-dfffffff : PCI Bus 0000:00
  c0000000-d1ffffff : PCI Bus 0000:01
    c0000000-cfffffff : 0000:01:00.0
    d0000000-d1ffffff : 0000:01:00.0
      d1000000-d112ffff : vesafb
  de000000-df0fffff : PCI Bus 0000:01
    de000000-deffffff : 0000:01:00.0
      de000000-deffffff : nvidia
    df080000-df083fff : 0000:01:00.1
      df080000-df083fff : ICH HD audio
  df100000-df11ffff : 0000:00:1f.6
    df100000-df11ffff : e1000e
  df120000-df12ffff : 0000:00:1f.3
    df120000-df12ffff : ICH HD audio
  df130000-df13ffff : 0000:00:14.0
    df130000-df13ffff : xhci-hcd
  df140000-df143fff : 0000:00:1f.3
    df140000-df143fff : ICH HD audio
  df144000-df147fff : 0000:00:1f.2
  df148000-df149fff : 0000:00:17.0
    df148000-df149fff : ahci
  df14a000-df14a0ff : 0000:00:1f.4
  df14b000-df14b7ff : 0000:00:17.0
    df14b000-df14b7ff : ahci
  df14c000-df14c0ff : 0000:00:17.0
    df14c000-df14c0ff : ahci
  df14d000-df14dfff : 0000:00:16.0
    df14d000-df14dfff : mei_me
  df14e000-df14efff : 0000:00:14.2
    df14e000-df14efff : Intel PCH thermal driver
  dffe0000-dfffffff : pnp 00:05
e0000000-efffffff : PCI MMCONFIG 0000 [bus 00-ff]
  e0000000-efffffff : Reserved
    e0000000-efffffff : pnp 00:05
fd000000-fe7fffff : PCI Bus 0000:00
  fd000000-fdabffff : pnp 00:06
  fdac0000-fdacffff : pnp 00:07
  fdad0000-fdadffff : pnp 00:06
  fdae0000-fdaeffff : pnp 00:07
  fdaf0000-fdafffff : pnp 00:07
  fdb00000-fdffffff : pnp 00:06
    fdc6000c-fdc6000f : iTCO_wdt
  fe000000-fe010fff : Reserved
  fe036000-fe03bfff : pnp 00:06
  fe03d000-fe3fffff : pnp 00:06
  fe410000-fe7fffff : pnp 00:06
fec00000-fec00fff : Reserved
  fec00000-fec003ff : IOAPIC 0
fed00000-fed003ff : HPET 0
  fed00000-fed003ff : PNP0103:00
fed10000-fed17fff : pnp 00:05
fed18000-fed18fff : pnp 00:05
fed19000-fed19fff : pnp 00:05
fed20000-fed3ffff : pnp 00:05
fed45000-fed8ffff : pnp 00:05
fed90000-fed93fff : pnp 00:05
fee00000-fee00fff : Local APIC
  fee00000-fee00fff : Reserved
ff000000-ffffffff : Reserved
  ff000000-ffffffff : INT0800:00
    ff000000-ffffffff : pnp 00:05
100000000-6757fffff : System RAM
  101400000-102200e80 : Kernel code
  102200e81-102c581bf : Kernel data
  102f25000-1033fffff : Kernel bss
675800000-677ffffff : RAM buffer
