MemTotal:       24563056 kB
MemFree:         9559360 kB
MemAvailable:   22440732 kB
Buffers:          142840 kB
Cached:         12624036 kB
SwapCached:            0 kB
Active:          2496340 kB
Inactive:       11494080 kB
Active(anon):    1221168 kB
Inactive(anon):    76428 kB
Active(file):    1275172 kB
Inactive(file): 11417652 kB
Unevictable:           0 kB
Mlocked:               0 kB
SwapTotal:       2097148 kB
SwapFree:        2097148 kB
Dirty:               908 kB
Writeback:             0 kB
AnonPages:       1223572 kB
Mapped:           949400 kB
Shmem:             78332 kB
KReclaimable:     592412 kB
Slab:             779256 kB
SReclaimable:     592412 kB
SUnreclaim:       186844 kB
KernelStack:       10576 kB
PageTables:        20792 kB
NFS_Unstable:          0 kB
Bounce:                0 kB
WritebackTmp:          0 kB
CommitLimit:    14378676 kB
Committed_AS:    4957332 kB
VmallocTotal:   34359738367 kB
VmallocUsed:       64812 kB
VmallocChunk:          0 kB
Percpu:             3440 kB
HardwareCorrupted:     0 kB
AnonHugePages:         0 kB
ShmemHugePages:        0 kB
ShmemPmdMapped:        0 kB
FileHugePages:         0 kB
FilePmdMapped:         0 kB
CmaTotal:              0 kB
CmaFree:               0 kB
HugePages_Total:       0
HugePages_Free:        0
HugePages_Rsvd:        0
HugePages_Surp:        0
Hugepagesize:       2048 kB
Hugetlb:               0 kB
DirectMap4k:      689756 kB
DirectMap2M:     7630848 kB
DirectMap1G:    16777216 kB
